query {
  float
  nested {
    number
    text
  }
}
