query {
  operation {
    getNumber(
      value: "321"
    ) {
      number
    }
  }
  text
}
