query {
  getNumber(
    value: "321"
  ) {
    number
  }
}
