query {
  float
  getNumber(
    value: "123"
  ) {
    number
  }
}
